Validated Expanded: 6000 indexed/direct/exact queries; exact differences=0.
Validated Expanded recentered: 6000 indexed/direct/exact queries; exact differences=0.
Validated Expanded oversized rectangle: 3000 indexed/direct/exact queries; exact differences=0.
Validated Dense center: 6000 indexed/direct/exact queries; exact differences=0.
Validated Dense plus four outliers: 6000 indexed/direct/exact queries; exact differences=0.
Validated Broad center query: 3000 indexed/direct/exact queries; exact differences=0.
Validated Sparse center: 6000 indexed/direct/exact queries; exact differences=0.
Validated Outlier BVH: 6000 indexed/direct/exact queries; exact differences=0.
Validated Coincident BVH centers: 3000 indexed/direct/exact queries; exact differences=0.
Validated Unrepresentable center grid: 3000 indexed/direct/exact queries; exact differences=0.
Validated Subnormal geometry: 3000 indexed/direct/exact queries; exact differences=0.
Validated Huge finite coordinates: 3000 indexed/direct/exact queries; exact differences=0.
Validated Ribeye SlopeCarGreen: 10000 indexed/direct/exact queries; exact differences=0.
Validated Ribeye SlopeCarBlue: 10000 indexed/direct/exact queries; exact differences=0.
Validated Ribeye SlopeCarRed: 10000 indexed/direct/exact queries; exact differences=0.
Validated Ribeye SlopeCarYellow: 10000 indexed/direct/exact queries; exact differences=0.
Validated Ribeye SlopeCarCyan: 10000 indexed/direct/exact queries; exact differences=0.
Validated Ribeye SlopeCarMagenta: 10000 indexed/direct/exact queries; exact differences=0.
Measured Ribeye SlopeCarGreen Uniform: indexed=31.5 ns, linear=956.7 ns, mode=Expanded.
Measured Ribeye SlopeCarGreen Hits: indexed=121.7 ns, linear=570.8 ns, mode=Expanded.
Measured Ribeye SlopeCarGreen Near misses: indexed=30.3 ns, linear=911.7 ns, mode=Expanded.
Measured Ribeye SlopeCarGreen Far away: indexed=7.7 ns, linear=36.5 ns, mode=Expanded.
Measured Ribeye SlopeCarBlue Uniform: indexed=41.6 ns, linear=1026.8 ns, mode=Expanded.
Measured Ribeye SlopeCarBlue Hits: indexed=133.6 ns, linear=629.0 ns, mode=Expanded.
Measured Ribeye SlopeCarBlue Near misses: indexed=44.7 ns, linear=1011.0 ns, mode=Expanded.
Measured Ribeye SlopeCarBlue Far away: indexed=8.8 ns, linear=42.0 ns, mode=Expanded.
Measured Ribeye SlopeCarRed Uniform: indexed=41.8 ns, linear=1014.4 ns, mode=Expanded.
Measured Ribeye SlopeCarRed Hits: indexed=142.4 ns, linear=655.4 ns, mode=Expanded.
Measured Ribeye SlopeCarRed Near misses: indexed=39.6 ns, linear=998.2 ns, mode=Expanded.
Measured Ribeye SlopeCarRed Far away: indexed=7.8 ns, linear=45.5 ns, mode=Expanded.
Measured Ribeye SlopeCarYellow Uniform: indexed=43.9 ns, linear=1016.6 ns, mode=Expanded.
Measured Ribeye SlopeCarYellow Hits: indexed=142.4 ns, linear=656.0 ns, mode=Expanded.
Measured Ribeye SlopeCarYellow Near misses: indexed=40.5 ns, linear=1008.2 ns, mode=Expanded.
Measured Ribeye SlopeCarYellow Far away: indexed=9.3 ns, linear=45.8 ns, mode=Expanded.
Measured Ribeye SlopeCarCyan Uniform: indexed=43.3 ns, linear=1020.6 ns, mode=Expanded.
Measured Ribeye SlopeCarCyan Hits: indexed=144.9 ns, linear=634.8 ns, mode=Expanded.
Measured Ribeye SlopeCarCyan Near misses: indexed=43.5 ns, linear=1020.7 ns, mode=Expanded.
Measured Ribeye SlopeCarCyan Far away: indexed=9.0 ns, linear=46.3 ns, mode=Expanded.
Measured Ribeye SlopeCarMagenta Uniform: indexed=38.3 ns, linear=1040.6 ns, mode=Expanded.
Measured Ribeye SlopeCarMagenta Hits: indexed=143.0 ns, linear=628.0 ns, mode=Expanded.
Measured Ribeye SlopeCarMagenta Near misses: indexed=33.0 ns, linear=932.8 ns, mode=Expanded.
Measured Ribeye SlopeCarMagenta Far away: indexed=8.8 ns, linear=45.2 ns, mode=Expanded.
Measured Ribeye scale 0.25: indexed=989.3 ns, linear=945.2 ns, mode=Sparse.
Measured Ribeye scale 0.5: indexed=42.8 ns, linear=987.6 ns, mode=Expanded.
Measured Ribeye scale 1: indexed=43.3 ns, linear=1001.5 ns, mode=Expanded.
Measured Ribeye scale 2: indexed=50.9 ns, linear=999.2 ns, mode=Expanded.
Measured Ribeye scale 4: indexed=60.9 ns, linear=996.1 ns, mode=Expanded.
Measured Circular outline 800: indexed=266.3 ns, linear=681.1 ns, mode=Expanded.
Measured Circular outline 8000: indexed=1840.6 ns, linear=5689.8 ns, mode=Expanded.
Measured Circular outline 80000: indexed=15860.7 ns, linear=61936.3 ns, mode=Dense.
All required validation checks passed.
